[2026-06-01 10:59:35.406] [igh_file_logger] [warning] Slaves nubmer: 7
[2026-06-01 10:59:35.406] [igh_file_logger] [warning] AL states: 0x2, <PREOP>
[2026-06-01 10:59:35.406] [igh_file_logger] [warning] Link is up
[2026-06-01 10:59:35.474] [igh_file_logger] [warning] Domain: WC 2
[2026-06-01 10:59:35.474] [igh_file_logger] [warning] Domain: State 1, some of the registered process data were exchanged.
[2026-06-01 10:59:35.475] [igh_file_logger] [warning] Domain: WC 3
[2026-06-01 10:59:36.223] [igh_file_logger] [warning] Domain: WC 4
[2026-06-01 10:59:36.227] [igh_file_logger] [warning] Domain: WC 6
[2026-06-01 10:59:36.363] [igh_file_logger] [warning] Domain: WC 8
[2026-06-01 10:59:36.364] [igh_file_logger] [warning] Domain: WC 9
[2026-06-01 10:59:37.109] [igh_file_logger] [warning] Domain: WC 10
[2026-06-01 10:59:37.115] [igh_file_logger] [warning] Domain: WC 12
[2026-06-01 10:59:37.248] [igh_file_logger] [warning] Domain: WC 14
[2026-06-01 10:59:37.249] [igh_file_logger] [warning] Domain: WC 15
[2026-06-01 10:59:37.998] [igh_file_logger] [warning] Domain: WC 16
[2026-06-01 10:59:38.004] [igh_file_logger] [warning] Domain: WC 18
[2026-06-01 10:59:38.285] [igh_file_logger] [warning] Domain: WC 19
[2026-06-01 10:59:38.289] [igh_file_logger] [warning] Domain: WC 21
[2026-06-01 10:59:38.289] [igh_file_logger] [warning] Domain: State 2, all registered process data were exchanged.
[2026-06-01 10:59:38.387] [igh_file_logger] [warning] AL states: 0x8, <OP>
[2026-06-01 10:59:38.388] [igh_file_logger] [warning] period(us)     min:4294967.3   cur:1000.0   max:1000.0
[2026-06-01 10:59:38.388] [igh_file_logger] [warning] period(us)     min:1000.0   cur:1000.0   max:1000.0
[2026-06-01 10:59:38.388] [igh_file_logger] [warning] exec(us)       min:4294967.3   cur:6.0   max:6.0
[2026-06-01 10:59:38.388] [igh_file_logger] [warning] exec(us)       min:6.0   cur:6.0   max:6.0
[2026-06-01 10:59:38.389] [igh_file_logger] [warning] period(us)     min:1000.0   cur:1000.7   max:1000.7
[2026-06-01 10:59:38.389] [igh_file_logger] [warning] exec(us)       min:6.0   cur:11.4   max:11.4
[2026-06-01 10:59:38.390] [igh_file_logger] [warning] period(us)     min:1000.0   cur:1002.1   max:1002.1
[2026-06-01 10:59:38.390] [igh_file_logger] [warning] exec(us)       min:5.4   cur:5.4   max:11.4
[2026-06-01 10:59:38.391] [igh_file_logger] [warning] period(us)     min:997.7   cur:997.7   max:1002.1
[2026-06-01 10:59:38.391] [igh_file_logger] [warning] exec(us)       min:4.8   cur:4.8   max:11.4
[2026-06-01 10:59:38.393] [igh_file_logger] [warning] exec(us)       min:2.0   cur:2.0   max:11.4
[2026-06-01 10:59:38.395] [igh_file_logger] [warning] exec(us)       min:2.0   cur:2.0   max:11.4
[2026-06-01 10:59:38.398] [igh_file_logger] [warning] exec(us)       min:2.0   cur:2.0   max:11.4
[2026-06-01 10:59:38.401] [igh_file_logger] [warning] period(us)     min:997.7   cur:1009.7   max:1009.7
[2026-06-01 10:59:38.402] [igh_file_logger] [warning] period(us)     min:990.7   cur:990.7   max:1009.7
[2026-06-01 10:59:38.405] [igh_file_logger] [warning] exec(us)       min:1.9   cur:1.9   max:11.4
[2026-06-01 10:59:38.410] [igh_file_logger] [warning] exec(us)       min:1.9   cur:1.9   max:11.4
[2026-06-01 10:59:38.425] [igh_file_logger] [warning] exec(us)       min:1.9   cur:1.9   max:11.4
[2026-06-01 10:59:38.432] [igh_file_logger] [warning] exec(us)       min:1.8   cur:1.8   max:11.4
[2026-06-01 10:59:38.437] [igh_file_logger] [warning] exec(us)       min:1.8   cur:1.8   max:11.4
[2026-06-01 10:59:38.483] [igh_file_logger] [warning] exec(us)       min:1.8   cur:1.8   max:11.4
[2026-06-01 10:59:38.513] [igh_file_logger] [warning] exec(us)       min:1.8   cur:1.8   max:11.4
[2026-06-01 10:59:38.544] [igh_file_logger] [warning] exec(us)       min:1.8   cur:1.8   max:11.4
[2026-06-01 10:59:38.564] [igh_file_logger] [warning] exec(us)       min:1.8   cur:1.8   max:11.4
[2026-06-01 10:59:38.588] [igh_file_logger] [warning] exec(us)       min:1.8   cur:1.8   max:11.4
[2026-06-01 10:59:38.751] [igh_file_logger] [warning] exec(us)       min:1.7   cur:1.7   max:11.4
[2026-06-01 10:59:39.212] [igh_file_logger] [warning] exec(us)       min:1.7   cur:1.7   max:11.4
[2026-06-01 10:59:39.822] [igh_file_logger] [warning] period(us)     min:990.7   cur:1018.4   max:1018.4
[2026-06-01 10:59:39.823] [igh_file_logger] [warning] period(us)     min:982.3   cur:982.3   max:1018.4
[2026-06-01 10:59:39.823] [igh_file_logger] [warning] exec(us)       min:1.7   cur:45.2   max:45.2
[2026-06-01 10:59:39.940] [igh_file_logger] [warning] period(us)     min:982.3   cur:1021.0   max:1021.0
[2026-06-01 10:59:39.941] [igh_file_logger] [warning] period(us)     min:979.4   cur:979.4   max:1021.0
[2026-06-01 10:59:40.582] [igh_file_logger] [warning] period(us)     min:979.4   cur:1023.8   max:1023.8
[2026-06-01 10:59:40.583] [igh_file_logger] [warning] period(us)     min:977.3   cur:977.3   max:1023.8
[2026-06-01 10:59:44.067] [igh_file_logger] [warning] exec(us)       min:1.7   cur:1.7   max:45.2
[2026-06-01 10:59:44.912] [igh_file_logger] [warning] exec(us)       min:1.7   cur:1.7   max:45.2
[2026-06-01 10:59:49.251] [igh_file_logger] [warning] exec(us)       min:1.7   cur:1.7   max:45.2
[2026-06-01 10:59:52.000] [igh_file_logger] [warning] exec(us)       min:1.7   cur:1.7   max:45.2
[2026-06-01 10:59:52.048] [igh_file_logger] [warning] exec(us)       min:1.7   cur:1.7   max:45.2
[2026-06-01 10:59:55.890] [igh_file_logger] [warning] exec(us)       min:1.7   cur:1.7   max:45.2
[2026-06-01 10:59:59.845] [igh_file_logger] [warning] exec(us)       min:1.7   cur:1.7   max:45.2
[2026-06-01 11:00:00.003] [igh_file_logger] [warning] period(us)     min:977.3   cur:1045.4   max:1045.4
[2026-06-01 11:00:00.004] [igh_file_logger] [warning] period(us)     min:954.0   cur:954.0   max:1045.4
[2026-06-01 11:00:03.267] [igh_file_logger] [warning] exec(us)       min:1.7   cur:1.7   max:45.2
[2026-06-01 11:00:42.594] [igh_file_logger] [warning] period(us)     min:954.0   cur:1050.3   max:1050.3
[2026-06-01 11:00:42.595] [igh_file_logger] [warning] period(us)     min:950.1   cur:950.1   max:1050.3
[2026-06-01 11:00:43.800] [igh_file_logger] [warning] exec(us)       min:1.7   cur:1.7   max:45.2
[2026-06-01 11:01:25.113] [igh_file_logger] [warning] Domain: WC 3
[2026-06-01 11:01:25.113] [igh_file_logger] [warning] Domain: State 1, some of the registered process data were exchanged.
[2026-06-01 11:01:25.117] [igh_file_logger] [warning] period(us)     min:950.1   cur:1623.9   max:1623.9
[2026-06-01 11:01:25.117] [igh_file_logger] [warning] Slaves nubmer: 1
[2026-06-01 11:01:25.117] [igh_file_logger] [warning] ecrt_master_reference_clock_time failure: ret=-5, Input/output error;
[2026-06-01 11:01:25.117] [igh_file_logger] [warning] DC diff tmie(ns): 0; system tmie(ns): 360332691340161; app tmie(ns): 360332689959911;
[2026-06-01 11:01:25.118] [igh_file_logger] [warning] period(us)     min:376.7   cur:376.7   max:1623.9
[2026-06-01 11:01:25.143] [igh_file_logger] [warning] Domain: WC 0
[2026-06-01 11:01:25.143] [igh_file_logger] [warning] Domain: State 0, no registered process data were exchanged.
[2026-06-01 11:01:25.175] [igh_file_logger] [warning] Slaves nubmer: 0
[2026-06-01 11:01:25.175] [igh_file_logger] [warning] AL states: 0x0, unknown
[2026-06-01 11:01:27.143] [igh_file_logger] [warning] Link is down
[2026-06-01 11:01:29.143] [igh_file_logger] [warning] Link is up
[2026-06-01 11:01:29.145] [igh_file_logger] [warning] Slaves nubmer: 1
[2026-06-01 11:01:29.145] [igh_file_logger] [warning] AL states: 0x1, <INIT>
[2026-06-01 11:01:29.736] [igh_file_logger] [warning] ecrt_master_reference_clock_time recover
[2026-06-01 11:01:29.741] [igh_file_logger] [warning] AL states: 0x2, <PREOP>
[2026-06-01 11:01:29.779] [igh_file_logger] [warning] Domain: WC 3
[2026-06-01 11:01:29.779] [igh_file_logger] [warning] Domain: State 1, some of the registered process data were exchanged.
[2026-06-01 11:01:30.339] [igh_file_logger] [warning] AL states: 0x8, <OP>
[2026-06-01 11:01:30.605] [igh_file_logger] [warning] Domain: WC 0
[2026-06-01 11:01:30.605] [igh_file_logger] [warning] Domain: State 0, no registered process data were exchanged.
[2026-06-01 11:01:30.605] [igh_file_logger] [warning] ecrt_master_reference_clock_time failure: ret=-5, Input/output error;
[2026-06-01 11:01:30.605] [igh_file_logger] [warning] DC diff tmie(ns): 0; system tmie(ns): 360338178694968; app tmie(ns): 360338177960045;
[2026-06-01 11:01:30.621] [igh_file_logger] [warning] Slaves nubmer: 0
[2026-06-01 11:01:30.621] [igh_file_logger] [warning] AL states: 0x0, unknown
[2026-06-01 11:01:30.669] [igh_file_logger] [warning] Domain: WC 3
[2026-06-01 11:01:30.669] [igh_file_logger] [warning] Domain: State 1, some of the registered process data were exchanged.
[2026-06-01 11:01:30.671] [igh_file_logger] [warning] Slaves nubmer: 3
[2026-06-01 11:01:30.671] [igh_file_logger] [warning] AL states: 0x9, unknown
[2026-06-01 11:01:30.789] [igh_file_logger] [warning] Domain: WC 0
[2026-06-01 11:01:30.789] [igh_file_logger] [warning] Domain: State 0, no registered process data were exchanged.
[2026-06-01 11:01:30.828] [igh_file_logger] [warning] Slaves nubmer: 0
[2026-06-01 11:01:30.828] [igh_file_logger] [warning] AL states: 0x0, unknown
[2026-06-01 11:01:30.866] [igh_file_logger] [warning] Domain: WC 3
[2026-06-01 11:01:30.866] [igh_file_logger] [warning] Domain: State 1, some of the registered process data were exchanged.
[2026-06-01 11:01:30.867] [igh_file_logger] [warning] Domain: WC 0
[2026-06-01 11:01:30.867] [igh_file_logger] [warning] Domain: State 0, no registered process data were exchanged.
[2026-06-01 11:01:31.097] [igh_file_logger] [warning] Domain: WC 3
[2026-06-01 11:01:31.097] [igh_file_logger] [warning] Domain: State 1, some of the registered process data were exchanged.
[2026-06-01 11:01:31.099] [igh_file_logger] [warning] Slaves nubmer: 7
[2026-06-01 11:01:31.099] [igh_file_logger] [warning] AL states: 0x9, unknown
[2026-06-01 11:01:34.649] [igh_file_logger] [warning] ecrt_master_reference_clock_time recover
[2026-06-01 11:01:34.678] [igh_file_logger] [warning] AL states: 0xa, unknown
[2026-06-01 11:01:36.587] [igh_file_logger] [warning] Domain: WC 4
[2026-06-01 11:01:36.593] [igh_file_logger] [warning] Domain: WC 6
[2026-06-01 11:01:36.864] [igh_file_logger] [warning] Domain: WC 8
[2026-06-01 11:01:36.865] [igh_file_logger] [warning] Domain: WC 9
[2026-06-01 11:01:37.623] [igh_file_logger] [warning] Domain: WC 10
[2026-06-01 11:01:37.627] [igh_file_logger] [warning] Domain: WC 12
[2026-06-01 11:01:37.764] [igh_file_logger] [warning] Domain: WC 14
[2026-06-01 11:01:37.765] [igh_file_logger] [warning] Domain: WC 15
[2026-06-01 11:01:38.520] [igh_file_logger] [warning] Domain: WC 16
[2026-06-01 11:01:38.524] [igh_file_logger] [warning] Domain: WC 18
[2026-06-01 11:01:38.819] [igh_file_logger] [warning] Domain: WC 19
[2026-06-01 11:01:38.823] [igh_file_logger] [warning] Domain: WC 21
[2026-06-01 11:01:38.823] [igh_file_logger] [warning] Domain: State 2, all registered process data were exchanged.
[2026-06-01 11:01:41.349] [igh_file_logger] [warning] AL states: 0x8, <OP>
[2026-06-01 11:23:42.792] [igh_file_logger] [warning] exec(us)       min:1.7   cur:45.2   max:45.2
